▲ Next.js 16.1.0
- Local:         http://localhost:3000
- Network:       http://0.0.0.0:3000

✓ Starting...
✓ Ready in 45ms
